// Jest Snapshot v1, https://goo.gl/fbAQLP

exports[`Navbar component snapshot 1`] = `
<DocumentFragment>
  <div
    class="navbar-container"
  >
    <nav
      class="navbar"
    >
      <div>
        <span
          class="logo"
        >
          Math Magicians
        </span>
      </div>
      <ul
        class="navbar-links"
      >
        <li>
          <a
            href="/"
          >
            Home
          </a>
        </li>
        <li
          class="border"
        >
          <a
            href="/calculator"
          >
            Calculator
          </a>
        </li>
        <li>
          <a
            href="/quotes"
          >
            Quote
          </a>
        </li>
      </ul>
    </nav>
  </div>
</DocumentFragment>
`;
